2026-08-09T02:07:10Z INF Thank you for trying Cloudflare Tunnel. Doing so, without a Cloudflare account, is a quick way to experiment and try it out. However, be aware that these account-less Tunnels have no uptime guarantee, are subject to the Cloudflare Online Services Terms of Use (https://www.cloudflare.com/website-terms/), and Cloudflare reserves the right to investigate your use of Tunnels for violations of such terms. If you intend to use Tunnels in production you should use a pre-created named tunnel by following: https://developers.cloudflare.com/cloudflare-one/connections/connect-apps
2026-08-09T02:07:10Z INF Requesting new quick Tunnel on trycloudflare.com...
2026-08-09T02:07:16Z INF +--------------------------------------------------------------------------------------------+
2026-08-09T02:07:16Z INF |  Your quick Tunnel has been created! Visit it at (it may take some time to be reachable):  |
2026-08-09T02:07:16Z INF |  https://aaa-shanghai-latino-metabolism.trycloudflare.com                                  |
2026-08-09T02:07:16Z INF +--------------------------------------------------------------------------------------------+
2026-08-09T02:07:16Z INF Cannot determine default configuration path. No file [config.yml config.yaml] in [~/.cloudflared ~/.cloudflare-warp ~/cloudflare-warp]
2026-08-09T02:07:16Z INF Version 2026.7.3 (Checksum 8635da433b6df8194746e88ed9d2589566c20e38bfc2a80e431a348b7c765841)
2026-08-09T02:07:16Z INF GOOS: windows, GOVersion: go1.26.4, GoArch: amd64
2026-08-09T02:07:16Z INF Settings: map[ha-connections:1 no-autoupdate:true protocol:quic url:http://127.0.0.1:8125]
2026-08-09T02:07:16Z INF cloudflared will not automatically update on Windows systems.
2026-08-09T02:07:16Z INF Generated Connector ID: b72561d7-eea8-4703-a324-d18ad500c92f
2026-08-09T02:07:16Z INF Initial protocol quic
2026-08-09T02:07:16Z INF ICMP proxy will use 192.168.1.41 as source for IPv4
2026-08-09T02:07:16Z INF ICMP proxy will use 2408:8256:81:12cf:cbca:319a:bc3a:de52 in zone WLAN 2 as source for IPv6
2026-08-09T02:07:16Z INF cloudflared does not support loading the system root certificate pool on Windows. Please use --origin-ca-pool <PATH> to specify the path to the certificate pool
2026-08-09T02:07:16Z INF ICMP proxy will use 192.168.1.41 as source for IPv4
2026-08-09T02:07:16Z INF Tunnel connection curve preferences: [X25519MLKEM768 CurveID(65074) CurveP256] connIndex=0 event=0 ip=2606:4700:a0::2
2026-08-09T02:07:16Z INF ICMP proxy will use 2408:8256:81:12cf:cbca:319a:bc3a:de52 in zone WLAN 2 as source for IPv6
2026-08-09T02:07:16Z INF Starting metrics server on 127.0.0.1:20244/metrics
2026-08-09T02:07:17Z INF Registered tunnel connection connIndex=0 connection=d7f59ae8-b7e0-4c8a-829b-069a1facd3d3 event=0 ip=2606:4700:a0::2 location=lax11 protocol=quic
2026-08-09T02:07:17Z INF +-------------------------------------------------------------------------------------+
2026-08-09T02:07:17Z INF |                               CONNECTIVITY PRE-CHECKS                               |
2026-08-09T02:07:17Z INF +-------------------------------------------------------------------------------------+
2026-08-09T02:07:17Z INF |  COMPONENT         TARGET                     STATUS  DETAILS                       |
2026-08-09T02:07:17Z INF |  DNS Resolution    region1.v2.argotunnel.com  PASS    DNS Resolved successfully     |
2026-08-09T02:07:17Z INF |  DNS Resolution    region2.v2.argotunnel.com  PASS    DNS Resolved successfully     |
2026-08-09T02:07:17Z INF |  UDP Connectivity  region1.v2.argotunnel.com  PASS    QUIC connection successful    |
2026-08-09T02:07:17Z INF |  UDP Connectivity  region2.v2.argotunnel.com  PASS    QUIC connection successful    |
2026-08-09T02:07:17Z INF |  TCP Connectivity  region1.v2.argotunnel.com  PASS    HTTP/2 connection successful  |
2026-08-09T02:07:17Z INF |  TCP Connectivity  region2.v2.argotunnel.com  PASS    HTTP/2 connection successful  |
2026-08-09T02:07:17Z INF |  Cloudflare API    api.cloudflare.com:443     PASS    API is reachable              |
2026-08-09T02:07:17Z INF |                                                                                     |
2026-08-09T02:07:17Z INF |  SUMMARY: Environment is healthy. cloudflared will use 'quic' as primary protocol.  |
2026-08-09T02:07:17Z INF +-------------------------------------------------------------------------------------+
2026-08-09T02:07:17Z INF precheck component="DNS Resolution" details="DNS Resolved successfully" run_id=0dfdb94a-bfe4-419e-86ef-80d297f75f66 status=pass target=region1.v2.argotunnel.com
2026-08-09T02:07:17Z INF precheck component="DNS Resolution" details="DNS Resolved successfully" run_id=0dfdb94a-bfe4-419e-86ef-80d297f75f66 status=pass target=region2.v2.argotunnel.com
2026-08-09T02:07:17Z INF precheck component="UDP Connectivity" details="QUIC connection successful" run_id=0dfdb94a-bfe4-419e-86ef-80d297f75f66 status=pass target=region1.v2.argotunnel.com
2026-08-09T02:07:17Z INF precheck component="UDP Connectivity" details="QUIC connection successful" run_id=0dfdb94a-bfe4-419e-86ef-80d297f75f66 status=pass target=region2.v2.argotunnel.com
2026-08-09T02:07:17Z INF precheck component="TCP Connectivity" details="HTTP/2 connection successful" run_id=0dfdb94a-bfe4-419e-86ef-80d297f75f66 status=pass target=region1.v2.argotunnel.com
2026-08-09T02:07:17Z INF precheck component="TCP Connectivity" details="HTTP/2 connection successful" run_id=0dfdb94a-bfe4-419e-86ef-80d297f75f66 status=pass target=region2.v2.argotunnel.com
2026-08-09T02:07:17Z INF precheck component="Cloudflare API" details="API is reachable" run_id=0dfdb94a-bfe4-419e-86ef-80d297f75f66 status=pass target=api.cloudflare.com:443
2026-08-09T02:07:17Z INF precheck complete hard_fail=false run_id=0dfdb94a-bfe4-419e-86ef-80d297f75f66 suggested_protocol=quic
